[     126ms] [LOG] [Fast Refresh] rebuilding @ http://localhost:3000/_next/static/chunks/1qyc_next_dist_18-djll._.js:2477
[     133ms] [LOG] [Fast Refresh] done in 108ms @ http://localhost:3000/_next/static/chunks/1qyc_next_dist_18-djll._.js:2477
[    1384ms] [INFO] %cDownload the React DevTools for a better development experience: https://react.dev/link/react-devtools font-weight:bold @ http://localhost:3000/_next/static/chunks/1qyc_next_dist_18-djll._.js:2477
[    1584ms] [LOG] [HMR] connected @ http://localhost:3000/_next/static/chunks/1qyc_next_dist_18-djll._.js:2477
[   38451ms] [LOG] [Fast Refresh] rebuilding @ http://localhost:3000/_next/static/chunks/1qyc_next_dist_18-djll._.js:2477
[   38680ms] [LOG] [Fast Refresh] done in 332ms @ http://localhost:3000/_next/static/chunks/1qyc_next_dist_18-djll._.js:2477
[   54899ms] [LOG] [Fast Refresh] rebuilding @ http://localhost:3000/_next/static/chunks/1qyc_next_dist_18-djll._.js:2477
[   55021ms] [LOG] [Fast Refresh] done in 222ms @ http://localhost:3000/_next/static/chunks/1qyc_next_dist_18-djll._.js:2477
[   79765ms] [LOG] [Fast Refresh] rebuilding @ http://localhost:3000/_next/static/chunks/1qyc_next_dist_18-djll._.js:2477
[   79871ms] [LOG] [Fast Refresh] done in 207ms @ http://localhost:3000/_next/static/chunks/1qyc_next_dist_18-djll._.js:2477
[   91271ms] [LOG] [Fast Refresh] rebuilding @ http://localhost:3000/_next/static/chunks/1qyc_next_dist_18-djll._.js:2477
[   91322ms] [LOG] [Fast Refresh] done in 157ms @ http://localhost:3000/_next/static/chunks/1qyc_next_dist_18-djll._.js:2477
[  112594ms] [LOG] [Fast Refresh] rebuilding @ http://localhost:3000/_next/static/chunks/1qyc_next_dist_18-djll._.js:2477
[  112617ms] [LOG] [Fast Refresh] done in 124ms @ http://localhost:3000/_next/static/chunks/1qyc_next_dist_18-djll._.js:2477
[  124127ms] [LOG] [Fast Refresh] rebuilding @ http://localhost:3000/_next/static/chunks/1qyc_next_dist_18-djll._.js:2477
[  124136ms] [LOG] [Fast Refresh] done in 120ms @ http://localhost:3000/_next/static/chunks/1qyc_next_dist_18-djll._.js:2477
[  136016ms] [LOG] [Fast Refresh] rebuilding @ http://localhost:3000/_next/static/chunks/1qyc_next_dist_18-djll._.js:2477
[  136532ms] [LOG] [Fast Refresh] done in 539ms @ http://localhost:3000/_next/static/chunks/1qyc_next_dist_18-djll._.js:2477
[  162172ms] [LOG] [Fast Refresh] rebuilding @ http://localhost:3000/_next/static/chunks/1qyc_next_dist_18-djll._.js:2477
[  162301ms] [LOG] [Fast Refresh] done in 198ms @ http://localhost:3000/_next/static/chunks/1qyc_next_dist_18-djll._.js:2477
[  221711ms] [LOG] [Fast Refresh] rebuilding @ http://localhost:3000/_next/static/chunks/1qyc_next_dist_18-djll._.js:2477
[  222113ms] [LOG] [Fast Refresh] done in 485ms @ http://localhost:3000/_next/static/chunks/1qyc_next_dist_18-djll._.js:2477
[  245313ms] [LOG] [Fast Refresh] rebuilding @ http://localhost:3000/_next/static/chunks/1qyc_next_dist_18-djll._.js:2477
[  246694ms] [LOG] [Fast Refresh] done in 887ms @ http://localhost:3000/_next/static/chunks/1qyc_next_dist_18-djll._.js:2477
